---
source: kajit/src/compiler/tests/mod.rs
expression: module.to_string()
---
hir_module {
  regions [
    r0 "input"
  ]
  stores [
  ]
  types [
    type t0 "Cursor" <region "r_input"> = struct {
      "bytes": Slice<r0, u8>
      "pos": u64
    }
    type t1 "ScalarArrayHolder" size=16 = struct {
      "values": Array<u32, 4> @0
    }
  ]
  callables [
  ]
  functions [
    function f0 "decode_ScalarArrayHolder" {
      regions [r0]
      stores []
      params [
        l2 param "cursor": &mut t0<r0>
        l3 destination "out": t1
      ]
      locals [
        l4 temp "array_idx_0": u64
        l5 temp "varint_acc_1": u64
        l6 temp "varint_shift_2": u64
        l7 temp "varint_byte_3": u8
      ]
      return unit
      scopes [
        scope sc0 parent none comment "Postcard prototype HIR for ScalarArrayHolder"
      ]
      body @sc0 {
        stmt0: init l4 = 0x0
        stmt21: loop @sc0 {
          stmt1: if binary ge(l4, 0x4) @sc0 {
            stmt2: break
          } else @sc0 {
          }
          stmt3: init l5 = 0x0
          stmt4: init l6 = 0x0
          stmt5: init l7 = 0x0
          stmt16: loop @sc0 {
            stmt6: if binary gt(binary add(field(deref(l2), "pos"), 0x1), slice_len(field(deref(l2), "bytes"))) @sc0 {
              stmt7: fail UnexpectedEof
            } else @sc0 {
            }
            stmt8: assign l7 = load w1(binary add(slice_data(field(deref(l2), "bytes")), field(deref(l2), "pos")))
            stmt9: assign field(deref(l2), "pos") = binary add(field(deref(l2), "pos"), 0x1)
            stmt10: assign l5 = binary bitor(l5, binary shl(binary bitand(l7, 0x7f), l6))
            stmt11: assign l6 = binary add(l6, 0x7)
            stmt13: if binary eq(binary bitand(l7, 0x80), 0x0) @sc0 {
              stmt12: break
            } else @sc0 {
            }
            stmt14: if binary eq(l6, 0x23) @sc0 {
              stmt15: fail InvalidVarint
            } else @sc0 {
            }
          }
          stmt17: if binary ne(binary shr(l5, 0x20), 0x0) @sc0 {
            stmt18: fail NumberOutOfRange
          } else @sc0 {
          }
          stmt19: init index(field(l3, "values"), l4) = l5
          stmt20: assign l4 = binary add(l4, 0x1)
        }
        stmt22: return
      }
    }
  ]
}
