---
source: kajit/src/compiler/tests/hir_to_ir.rs
expression: "format!(\"{}\",\nir.display_with_registry(&crate::ir::IntrinsicRegistry::empty()))"
---
scopes {
  s0 = lambda_body(@0)
}
lambda @0 @s0 (shape: "dynamic_destination_summary", output_size: 20) {
  region @s0 {
    args: [arg0, arg1, %ms]
    n1 = WriteToSlot(0) [arg1, %ms:arg] -> [%ms]
    n2 = Const(0x1) [] -> [v0]
    n3 = WriteToSlot(1) [v0, %ms:n1] -> [%ms]
    n4 = Const(0x5) [] -> [v1]
    n5 = StoreToAddr(W4) [arg0, v1, %ms:n3] -> [%ms]
    n6 = ReadFromSlot(1) [%ms:n5] -> [v2, %ms]
    n7 = Const(0x4) [] -> [v3]
    n8 = Mul [v2, v3] -> [v4]
    n9 = Add [arg0, v4] -> [v5]
    n10 = Const(0x7) [] -> [v6]
    n11 = StoreToAddr(W4) [v5, v6, %ms:n6] -> [%ms]
    n12 = Const(0xb) [] -> [v7]
    n13 = Const(0x8) [] -> [v8]
    n14 = Add [arg0, v8] -> [v9]
    n15 = StoreToAddr(W4) [v9, v7, %ms:n11] -> [%ms]
    n16 = Const(0xd) [] -> [v10]
    n17 = Const(0xc) [] -> [v11]
    n18 = Add [arg0, v11] -> [v12]
    n19 = StoreToAddr(W4) [v12, v10, %ms:n15] -> [%ms]
    n20 = ReadFromSlot(1) [%ms:n19] -> [v13, %ms]
    n21 = Const(0x4) [] -> [v14]
    n22 = Mul [v13, v14] -> [v15]
    n23 = Add [arg0, v15] -> [v16]
    n24 = LoadFromAddr(W4) [v16, %ms:n20] -> [v17, %ms]
    n25 = Const(0x10) [] -> [v18]
    n26 = Add [arg0, v18] -> [v19]
    n27 = StoreToAddr(W4) [v19, v17, %ms:n24] -> [%ms]
    results: [%ms:n27]
  }
}
