---
source: kajit/src/compiler/tests/hir_to_ir.rs
expression: "format!(\"{}\",\nir.display_with_registry(&crate::ir::IntrinsicRegistry::empty()))"
---
scopes {
  s0 = lambda_body(@0)
}
lambda @0 @s0 (shape: "dynamic_aggregate_destination_summary", output_size: 48) {
  region @s0 {
    args: [arg0, arg1, %ms]
    n1 = WriteToSlot(0) [arg1, %ms:arg] -> [%ms]
    n2 = Const(0x15) [] -> [v0]
    n3 = WriteToSlot(1) [v0, %ms:n1] -> [%ms]
    n4 = Const(0x16) [] -> [v1]
    n5 = WriteToSlot(2) [v1, %ms:n3] -> [%ms]
    n6 = Const(0x1) [] -> [v2]
    n7 = WriteToSlot(3) [v2, %ms:n5] -> [%ms]
    n8 = ReadFromSlot(3) [%ms:n7] -> [v3, %ms]
    n9 = Const(0x10) [] -> [v4]
    n10 = Mul [v3, v4] -> [v5]
    n11 = Add [arg0, v5] -> [v6]
    n12 = ReadFromSlot(1) [%ms:n8] -> [v7, %ms]
    n13 = StoreToAddr(W8) [v6, v7, %ms:n12] -> [%ms]
    n14 = ReadFromSlot(2) [%ms:n13] -> [v8, %ms]
    n15 = Const(0x8) [] -> [v9]
    n16 = Add [v6, v9] -> [v10]
    n17 = StoreToAddr(W8) [v10, v8, %ms:n14] -> [%ms]
    n18 = Const(0x1) [] -> [v11]
    n19 = StoreToAddr(W8) [arg0, v11, %ms:n17] -> [%ms]
    n20 = Const(0x2) [] -> [v12]
    n21 = Const(0x8) [] -> [v13]
    n22 = Add [arg0, v13] -> [v14]
    n23 = StoreToAddr(W8) [v14, v12, %ms:n19] -> [%ms]
    n24 = ReadFromSlot(3) [%ms:n23] -> [v15, %ms]
    n25 = Const(0x10) [] -> [v16]
    n26 = Mul [v15, v16] -> [v17]
    n27 = Add [arg0, v17] -> [v18]
    n28 = LoadFromAddr(W8) [v18, %ms:n24] -> [v19, %ms]
    n29 = Const(0x20) [] -> [v20]
    n30 = Add [arg0, v20] -> [v21]
    n31 = StoreToAddr(W8) [v21, v19, %ms:n28] -> [%ms]
    n32 = Const(0x8) [] -> [v22]
    n33 = Add [v18, v22] -> [v23]
    n34 = LoadFromAddr(W8) [v23, %ms:n31] -> [v24, %ms]
    n35 = Const(0x28) [] -> [v25]
    n36 = Add [arg0, v25] -> [v26]
    n37 = StoreToAddr(W8) [v26, v24, %ms:n34] -> [%ms]
    results: [%ms:n37]
  }
}
