---
source: kajit/tests/corpus.rs
expression: ra_text
---
ra_func @0 { ; entry: b0
  block b0: ; insts: 11
    bounds_check(1)
    v1:gpr = const(0x7f)
    v3:gpr = const(0x80)
    v5:gpr = const(0x0)
    v37:gpr = const(0x0)
    v39:gpr = const(0x10)
    v41:gpr = const(0x0)
    v0:gpr = read_bytes(1)
    v2:gpr = And v0:gpr, v1:gpr
    v4:gpr = And v0:gpr, v3:gpr
    v6:gpr = CmpNe v4:gpr, v5:gpr
    term: branch_if_zero v6 -> b2, fallthrough b1 ; uses: [v6]
    succs: b2 [v2, v37, v39, v41] b1 [v2, v37, v39, v41] ; count: 2
  block b1 [params: v2, v37, v39, v41] (preds: b0): ; insts: 0
    term: branch b3 ; uses: []
    succs: b3 [v2, v37, v39, v41] ; count: 1
  block b2 [params: v2, v37, v39, v41] (preds: b0): ; insts: 4
    v7:gpr = const(0x2)
    v8:gpr = const(0x0)
    v33:gpr = copy v2:gpr
    v36:gpr = copy v8:gpr
    term: branch b6 ; uses: []
    succs: b6 [v33, v8, v37, v39, v41] ; count: 1
  block b3 [params: v2, v37, v39, v41] (preds: b1): ; insts: 12
    v9:gpr = const(0x7)
    v10:gpr = const(0x2)
    v11:gpr = const(0x1)
    v13:gpr = const(0x7f)
    v17:gpr = const(0x7)
    v19:gpr = const(0x1)
    v21:gpr = const(0x80)
    v23:gpr = const(0x0)
    v25:gpr = const(0x0)
    v46:gpr = copy v2:gpr
    v47:gpr = copy v9:gpr
    v48:gpr = copy v10:gpr
    term: branch b4 ; uses: []
    succs: b4 [v13, v17, v19, v21, v23, v25, v37, v39, v41, v46, v47, v48] ; count: 1
  block b4 [params: v13, v17, v19, v21, v23, v25, v37, v39, v41, v46, v47, v48] (preds: b3, b4): ; insts: 16
    bounds_check(1)
    v18:gpr = Add v47:gpr, v17:gpr
    v20:gpr = Sub v48:gpr, v19:gpr
    v12:gpr = read_bytes(1)
    v26:gpr = CmpNe v20:gpr, v25:gpr
    v14:gpr = And v12:gpr, v13:gpr
    v22:gpr = And v12:gpr, v21:gpr
    v15:gpr = Shl v14:gpr, v47:gpr
    v24:gpr = CmpNe v22:gpr, v23:gpr
    v16:gpr = Or v46:gpr, v15:gpr
    v27:gpr = And v24:gpr, v26:gpr
    v46:gpr = copy v16:gpr
    v47:gpr = copy v18:gpr
    v48:gpr = copy v20:gpr
    v49:gpr = copy v14:gpr
    v50:gpr = copy v24:gpr
    term: branch_if v27 -> b4, fallthrough b5 ; uses: [v27]
    succs: b4 [v13, v17, v19, v21, v23, v25, v37, v39, v41, v46, v47, v48] b5 [v37, v39, v41, v46, v50] ; count: 2
  block b5 [params: v37, v39, v41, v46, v50] (preds: b4): ; insts: 2
    v33:gpr = copy v46:gpr
    v36:gpr = copy v50:gpr
    term: branch b6 ; uses: []
    succs: b6 [v33, v36, v37, v39, v41] ; count: 1
  block b6 [params: v33, v36, v37, v39, v41] (preds: b2, b5): ; insts: 3
    v38:gpr = CmpNe v36:gpr, v37:gpr
    v40:gpr = Shr v33:gpr, v39:gpr
    v43:gpr = ZigzagDecode { wide: false } v33:gpr
    term: branch_if_zero v38 -> b8, fallthrough b7 ; uses: [v38]
    succs: b8 [v40, v41, v43] b7 ; count: 2
  block b7 (preds: b6): ; insts: 0
    term: branch b9 ; uses: []
    succs: b9 ; count: 1
  block b8 [params: v40, v41, v43] (preds: b6): ; insts: 0
    term: branch b10 ; uses: []
    succs: b10 [v40, v41, v43] ; count: 1
  block b9 (preds: b7): ; insts: 0
    term: error_exit(InvalidVarint) ; uses: []
    succs: (none)
  block b10 [params: v40, v41, v43] (preds: b8): ; insts: 1
    v42:gpr = CmpNe v40:gpr, v41:gpr
    term: branch_if_zero v42 -> b12, fallthrough b11 ; uses: [v42]
    succs: b12 [v43] b11 ; count: 2
  block b11 (preds: b10): ; insts: 0
    term: branch b13 ; uses: []
    succs: b13 ; count: 1
  block b12 [params: v43] (preds: b10): ; insts: 0
    term: branch b14 ; uses: []
    succs: b14 [v43] ; count: 1
  block b13 (preds: b11): ; insts: 0
    term: error_exit(NumberOutOfRange) ; uses: []
    succs: (none)
  block b14 [params: v43] (preds: b12): ; insts: 1
    store([0:W2]) v43:gpr
    term: return ; uses: []
    succs: (none)
}
