---
source: kajit/tests/generated_synthetic.rs
assertion_line: 245
expression: ir_text
---
lambda @0 (shape: "AllIntegers") {
  region {
    args: [%cs, %os]
    n1 = CallIntrinsic(0x<ptr>, field_offset=76) [%cs:arg, %os:arg] -> [%cs, %os]
    n2 = BoundsCheck(1) [%cs:n1] -> [%cs]
    n3 = ReadBytes(1) [%cs:n2] -> [v0, %cs]
    n4 = Const(0x7f) [] -> [v1]
    n5 = And [v0, v1] -> [v2]
    n6 = Const(0x80) [] -> [v3]
    n7 = And [v0, v3] -> [v4]
    n8 = Const(0x0) [] -> [v5]
    n9 = CmpNe [v4, v5] -> [v6]
    n33 = gamma [
      pred: v6
      in0: v2
      in1: %cs:n3
      in2: %os:n1
    ] {
      branch 0:
        region {
          args: [arg0, %cs, %os]
          n10 = Const(0x2) [] -> [v7]
          n11 = Const(0x0) [] -> [v8]
          results: [arg0, v7, arg0, v8, %cs:arg, %os:arg]
        }
      branch 1:
        region {
          args: [arg0, %cs, %os]
          n12 = Const(0x7) [] -> [v9]
          n13 = Const(0x2) [] -> [v10]
          n14 = Const(0x1) [] -> [v11]
          n274 = Const(0x7f) [] -> [v13]
          n275 = Const(0x7) [] -> [v17]
          n276 = Const(0x1) [] -> [v19]
          n277 = Const(0x80) [] -> [v21]
          n278 = Const(0x0) [] -> [v23]
          n279 = Const(0x0) [] -> [v25]
          n32 = theta [arg0, v9, v10, arg0, v11, %cs:arg, %os:arg] {
            region {
              args: [arg0, arg1, arg2, arg3, arg4, %cs, %os]
              n15 = BoundsCheck(1) [%cs:arg] -> [%cs]
              n16 = ReadBytes(1) [%cs:n15] -> [v12, %cs]
              n18 = And [v12, v13] -> [v14]
              n19 = Shl [v14, arg1] -> [v15]
              n20 = Or [arg0, v15] -> [v16]
              n22 = Add [arg1, v17] -> [v18]
              n24 = Sub [arg2, v19] -> [v20]
              n26 = And [v12, v21] -> [v22]
              n28 = CmpNe [v22, v23] -> [v24]
              n30 = CmpNe [v20, v25] -> [v26]
              n31 = And [v24, v26] -> [v27]
              results: [v27, v16, v18, v20, v14, v24, %cs:n16, %os:arg]
            }
          } -> [v28, v29, v30, v31, v32, %cs, %os]
          results: [v28, v30, v31, v32, %cs:n32, %os:n32]
        }
    } -> [v33, v34, v35, v36, %cs, %os]
    n34 = Const(0x0) [] -> [v37]
    n35 = CmpNe [v36, v37] -> [v38]
    n37 = gamma [
      pred: v38
      in0: %cs:n33
      in1: %os:n33
    ] {
      branch 0:
        region {
          args: [%cs, %os]
          results: [%cs:arg, %os:arg]
        }
      branch 1:
        region {
          args: [%cs, %os]
          n36 = ErrorExit(InvalidVarint) [%cs:arg] -> []
          results: [%cs:arg, %os:arg]
        }
    } -> [%cs, %os]
    n38 = Const(0x10) [] -> [v39]
    n39 = Shr [v33, v39] -> [v40]
    n40 = Const(0x0) [] -> [v41]
    n41 = CmpNe [v40, v41] -> [v42]
    n43 = gamma [
      pred: v42
      in0: %cs:n37
      in1: %os:n37
    ] {
      branch 0:
        region {
          args: [%cs, %os]
          results: [%cs:arg, %os:arg]
        }
      branch 1:
        region {
          args: [%cs, %os]
          n42 = ErrorExit(NumberOutOfRange) [%cs:arg] -> []
          results: [%cs:arg, %os:arg]
        }
    } -> [%cs, %os]
    n44 = WriteToField(offset=72, W2) [v33, %os:n43] -> [%os]
    n45 = BoundsCheck(1) [%cs:n43] -> [%cs]
    n46 = ReadBytes(1) [%cs:n45] -> [v43, %cs]
    n47 = Const(0x7f) [] -> [v44]
    n48 = And [v43, v44] -> [v45]
    n49 = Const(0x80) [] -> [v46]
    n50 = And [v43, v46] -> [v47]
    n51 = Const(0x0) [] -> [v48]
    n52 = CmpNe [v47, v48] -> [v49]
    n76 = gamma [
      pred: v49
      in0: v45
      in1: %cs:n46
      in2: %os:n44
    ] {
      branch 0:
        region {
          args: [arg0, %cs, %os]
          n53 = Const(0x4) [] -> [v50]
          n54 = Const(0x0) [] -> [v51]
          results: [arg0, v50, arg0, v51, %cs:arg, %os:arg]
        }
      branch 1:
        region {
          args: [arg0, %cs, %os]
          n55 = Const(0x7) [] -> [v52]
          n56 = Const(0x4) [] -> [v53]
          n57 = Const(0x1) [] -> [v54]
          n280 = Const(0x7f) [] -> [v56]
          n281 = Const(0x7) [] -> [v60]
          n282 = Const(0x1) [] -> [v62]
          n283 = Const(0x80) [] -> [v64]
          n284 = Const(0x0) [] -> [v66]
          n285 = Const(0x0) [] -> [v68]
          n75 = theta [arg0, v52, v53, arg0, v54, %cs:arg, %os:arg] {
            region {
              args: [arg0, arg1, arg2, arg3, arg4, %cs, %os]
              n58 = BoundsCheck(1) [%cs:arg] -> [%cs]
              n59 = ReadBytes(1) [%cs:n58] -> [v55, %cs]
              n61 = And [v55, v56] -> [v57]
              n62 = Shl [v57, arg1] -> [v58]
              n63 = Or [arg0, v58] -> [v59]
              n65 = Add [arg1, v60] -> [v61]
              n67 = Sub [arg2, v62] -> [v63]
              n69 = And [v55, v64] -> [v65]
              n71 = CmpNe [v65, v66] -> [v67]
              n73 = CmpNe [v63, v68] -> [v69]
              n74 = And [v67, v69] -> [v70]
              results: [v70, v59, v61, v63, v57, v67, %cs:n59, %os:arg]
            }
          } -> [v71, v72, v73, v74, v75, %cs, %os]
          results: [v71, v73, v74, v75, %cs:n75, %os:n75]
        }
    } -> [v76, v77, v78, v79, %cs, %os]
    n77 = Const(0x0) [] -> [v80]
    n78 = CmpNe [v79, v80] -> [v81]
    n80 = gamma [
      pred: v81
      in0: %cs:n76
      in1: %os:n76
    ] {
      branch 0:
        region {
          args: [%cs, %os]
          results: [%cs:arg, %os:arg]
        }
      branch 1:
        region {
          args: [%cs, %os]
          n79 = ErrorExit(InvalidVarint) [%cs:arg] -> []
          results: [%cs:arg, %os:arg]
        }
    } -> [%cs, %os]
    n81 = Const(0x20) [] -> [v82]
    n82 = Shr [v76, v82] -> [v83]
    n83 = Const(0x0) [] -> [v84]
    n84 = CmpNe [v83, v84] -> [v85]
    n86 = gamma [
      pred: v85
      in0: %cs:n80
      in1: %os:n80
    ] {
      branch 0:
        region {
          args: [%cs, %os]
          results: [%cs:arg, %os:arg]
        }
      branch 1:
        region {
          args: [%cs, %os]
          n85 = ErrorExit(NumberOutOfRange) [%cs:arg] -> []
          results: [%cs:arg, %os:arg]
        }
    } -> [%cs, %os]
    n87 = WriteToField(offset=64, W4) [v76, %os:n86] -> [%os]
    n88 = BoundsCheck(1) [%cs:n86] -> [%cs]
    n89 = ReadBytes(1) [%cs:n88] -> [v86, %cs]
    n90 = Const(0x7f) [] -> [v87]
    n91 = And [v86, v87] -> [v88]
    n92 = Const(0x80) [] -> [v89]
    n93 = And [v86, v89] -> [v90]
    n94 = Const(0x0) [] -> [v91]
    n95 = CmpNe [v90, v91] -> [v92]
    n119 = gamma [
      pred: v92
      in0: v88
      in1: %cs:n89
      in2: %os:n87
    ] {
      branch 0:
        region {
          args: [arg0, %cs, %os]
          n96 = Const(0x9) [] -> [v93]
          n97 = Const(0x0) [] -> [v94]
          results: [arg0, v93, arg0, v94, %cs:arg, %os:arg]
        }
      branch 1:
        region {
          args: [arg0, %cs, %os]
          n98 = Const(0x7) [] -> [v95]
          n99 = Const(0x9) [] -> [v96]
          n100 = Const(0x1) [] -> [v97]
          n286 = Const(0x7f) [] -> [v99]
          n287 = Const(0x7) [] -> [v103]
          n288 = Const(0x1) [] -> [v105]
          n289 = Const(0x80) [] -> [v107]
          n290 = Const(0x0) [] -> [v109]
          n291 = Const(0x0) [] -> [v111]
          n118 = theta [arg0, v95, v96, arg0, v97, %cs:arg, %os:arg] {
            region {
              args: [arg0, arg1, arg2, arg3, arg4, %cs, %os]
              n101 = BoundsCheck(1) [%cs:arg] -> [%cs]
              n102 = ReadBytes(1) [%cs:n101] -> [v98, %cs]
              n104 = And [v98, v99] -> [v100]
              n105 = Shl [v100, arg1] -> [v101]
              n106 = Or [arg0, v101] -> [v102]
              n108 = Add [arg1, v103] -> [v104]
              n110 = Sub [arg2, v105] -> [v106]
              n112 = And [v98, v107] -> [v108]
              n114 = CmpNe [v108, v109] -> [v110]
              n116 = CmpNe [v106, v111] -> [v112]
              n117 = And [v110, v112] -> [v113]
              results: [v113, v102, v104, v106, v100, v110, %cs:n102, %os:arg]
            }
          } -> [v114, v115, v116, v117, v118, %cs, %os]
          results: [v114, v116, v117, v118, %cs:n118, %os:n118]
        }
    } -> [v119, v120, v121, v122, %cs, %os]
    n120 = Const(0x0) [] -> [v123]
    n121 = CmpNe [v122, v123] -> [v124]
    n123 = gamma [
      pred: v124
      in0: %cs:n119
      in1: %os:n119
    ] {
      branch 0:
        region {
          args: [%cs, %os]
          results: [%cs:arg, %os:arg]
        }
      branch 1:
        region {
          args: [%cs, %os]
          n122 = ErrorExit(InvalidVarint) [%cs:arg] -> []
          results: [%cs:arg, %os:arg]
        }
    } -> [%cs, %os]
    n124 = Const(0x0) [] -> [v125]
    n125 = CmpNe [v120, v125] -> [v126]
    n132 = gamma [
      pred: v126
      in0: v121
      in1: %cs:n123
      in2: %os:n123
    ] {
      branch 0:
        region {
          args: [arg0, %cs, %os]
          n126 = Const(0x7e) [] -> [v127]
          n127 = And [arg0, v127] -> [v128]
          n128 = Const(0x0) [] -> [v129]
          n129 = CmpNe [v128, v129] -> [v130]
          n131 = gamma [
            pred: v130
            in0: %cs:arg
            in1: %os:arg
          ] {
            branch 0:
              region {
                args: [%cs, %os]
                results: [%cs:arg, %os:arg]
              }
            branch 1:
              region {
                args: [%cs, %os]
                n130 = ErrorExit(InvalidVarint) [%cs:arg] -> []
                results: [%cs:arg, %os:arg]
              }
          } -> [%cs, %os]
          results: [%cs:n131, %os:n131]
        }
      branch 1:
        region {
          args: [arg0, %cs, %os]
          results: [%cs:arg, %os:arg]
        }
    } -> [%cs, %os]
    n133 = WriteToField(offset=32, W8) [v119, %os:n132] -> [%os]
    n134 = CallIntrinsic(0x<ptr>, field_offset=0) [%cs:n132, %os:n133] -> [%cs, %os]
    n135 = CallIntrinsic(0x<ptr>, field_offset=40) [%cs:n134, %os:n134] -> [%cs, %os]
    n136 = CallIntrinsic(0x<ptr>, field_offset=77) [%cs:n135, %os:n135] -> [%cs, %os]
    n137 = BoundsCheck(1) [%cs:n136] -> [%cs]
    n138 = ReadBytes(1) [%cs:n137] -> [v131, %cs]
    n139 = Const(0x7f) [] -> [v132]
    n140 = And [v131, v132] -> [v133]
    n141 = Const(0x80) [] -> [v134]
    n142 = And [v131, v134] -> [v135]
    n143 = Const(0x0) [] -> [v136]
    n144 = CmpNe [v135, v136] -> [v137]
    n168 = gamma [
      pred: v137
      in0: v133
      in1: %cs:n138
      in2: %os:n136
    ] {
      branch 0:
        region {
          args: [arg0, %cs, %os]
          n145 = Const(0x2) [] -> [v138]
          n146 = Const(0x0) [] -> [v139]
          results: [arg0, v138, arg0, v139, %cs:arg, %os:arg]
        }
      branch 1:
        region {
          args: [arg0, %cs, %os]
          n147 = Const(0x7) [] -> [v140]
          n148 = Const(0x2) [] -> [v141]
          n149 = Const(0x1) [] -> [v142]
          n292 = Const(0x7f) [] -> [v144]
          n293 = Const(0x7) [] -> [v148]
          n294 = Const(0x1) [] -> [v150]
          n295 = Const(0x80) [] -> [v152]
          n296 = Const(0x0) [] -> [v154]
          n297 = Const(0x0) [] -> [v156]
          n167 = theta [arg0, v140, v141, arg0, v142, %cs:arg, %os:arg] {
            region {
              args: [arg0, arg1, arg2, arg3, arg4, %cs, %os]
              n150 = BoundsCheck(1) [%cs:arg] -> [%cs]
              n151 = ReadBytes(1) [%cs:n150] -> [v143, %cs]
              n153 = And [v143, v144] -> [v145]
              n154 = Shl [v145, arg1] -> [v146]
              n155 = Or [arg0, v146] -> [v147]
              n157 = Add [arg1, v148] -> [v149]
              n159 = Sub [arg2, v150] -> [v151]
              n161 = And [v143, v152] -> [v153]
              n163 = CmpNe [v153, v154] -> [v155]
              n165 = CmpNe [v151, v156] -> [v157]
              n166 = And [v155, v157] -> [v158]
              results: [v158, v147, v149, v151, v145, v155, %cs:n151, %os:arg]
            }
          } -> [v159, v160, v161, v162, v163, %cs, %os]
          results: [v159, v161, v162, v163, %cs:n167, %os:n167]
        }
    } -> [v164, v165, v166, v167, %cs, %os]
    n169 = Const(0x0) [] -> [v168]
    n170 = CmpNe [v167, v168] -> [v169]
    n172 = gamma [
      pred: v169
      in0: %cs:n168
      in1: %os:n168
    ] {
      branch 0:
        region {
          args: [%cs, %os]
          results: [%cs:arg, %os:arg]
        }
      branch 1:
        region {
          args: [%cs, %os]
          n171 = ErrorExit(InvalidVarint) [%cs:arg] -> []
          results: [%cs:arg, %os:arg]
        }
    } -> [%cs, %os]
    n173 = Const(0x10) [] -> [v170]
    n174 = Shr [v164, v170] -> [v171]
    n175 = Const(0x0) [] -> [v172]
    n176 = CmpNe [v171, v172] -> [v173]
    n178 = gamma [
      pred: v173
      in0: %cs:n172
      in1: %os:n172
    ] {
      branch 0:
        region {
          args: [%cs, %os]
          results: [%cs:arg, %os:arg]
        }
      branch 1:
        region {
          args: [%cs, %os]
          n177 = ErrorExit(NumberOutOfRange) [%cs:arg] -> []
          results: [%cs:arg, %os:arg]
        }
    } -> [%cs, %os]
    n179 = ZigzagDecode(wide=false) [v164] -> [v174]
    n180 = WriteToField(offset=74, W2) [v174, %os:n178] -> [%os]
    n181 = BoundsCheck(1) [%cs:n178] -> [%cs]
    n182 = ReadBytes(1) [%cs:n181] -> [v175, %cs]
    n183 = Const(0x7f) [] -> [v176]
    n184 = And [v175, v176] -> [v177]
    n185 = Const(0x80) [] -> [v178]
    n186 = And [v175, v178] -> [v179]
    n187 = Const(0x0) [] -> [v180]
    n188 = CmpNe [v179, v180] -> [v181]
    n212 = gamma [
      pred: v181
      in0: v177
      in1: %cs:n182
      in2: %os:n180
    ] {
      branch 0:
        region {
          args: [arg0, %cs, %os]
          n189 = Const(0x4) [] -> [v182]
          n190 = Const(0x0) [] -> [v183]
          results: [arg0, v182, arg0, v183, %cs:arg, %os:arg]
        }
      branch 1:
        region {
          args: [arg0, %cs, %os]
          n191 = Const(0x7) [] -> [v184]
          n192 = Const(0x4) [] -> [v185]
          n193 = Const(0x1) [] -> [v186]
          n298 = Const(0x7f) [] -> [v188]
          n299 = Const(0x7) [] -> [v192]
          n300 = Const(0x1) [] -> [v194]
          n301 = Const(0x80) [] -> [v196]
          n302 = Const(0x0) [] -> [v198]
          n303 = Const(0x0) [] -> [v200]
          n211 = theta [arg0, v184, v185, arg0, v186, %cs:arg, %os:arg] {
            region {
              args: [arg0, arg1, arg2, arg3, arg4, %cs, %os]
              n194 = BoundsCheck(1) [%cs:arg] -> [%cs]
              n195 = ReadBytes(1) [%cs:n194] -> [v187, %cs]
              n197 = And [v187, v188] -> [v189]
              n198 = Shl [v189, arg1] -> [v190]
              n199 = Or [arg0, v190] -> [v191]
              n201 = Add [arg1, v192] -> [v193]
              n203 = Sub [arg2, v194] -> [v195]
              n205 = And [v187, v196] -> [v197]
              n207 = CmpNe [v197, v198] -> [v199]
              n209 = CmpNe [v195, v200] -> [v201]
              n210 = And [v199, v201] -> [v202]
              results: [v202, v191, v193, v195, v189, v199, %cs:n195, %os:arg]
            }
          } -> [v203, v204, v205, v206, v207, %cs, %os]
          results: [v203, v205, v206, v207, %cs:n211, %os:n211]
        }
    } -> [v208, v209, v210, v211, %cs, %os]
    n213 = Const(0x0) [] -> [v212]
    n214 = CmpNe [v211, v212] -> [v213]
    n216 = gamma [
      pred: v213
      in0: %cs:n212
      in1: %os:n212
    ] {
      branch 0:
        region {
          args: [%cs, %os]
          results: [%cs:arg, %os:arg]
        }
      branch 1:
        region {
          args: [%cs, %os]
          n215 = ErrorExit(InvalidVarint) [%cs:arg] -> []
          results: [%cs:arg, %os:arg]
        }
    } -> [%cs, %os]
    n217 = Const(0x20) [] -> [v214]
    n218 = Shr [v208, v214] -> [v215]
    n219 = Const(0x0) [] -> [v216]
    n220 = CmpNe [v215, v216] -> [v217]
    n222 = gamma [
      pred: v217
      in0: %cs:n216
      in1: %os:n216
    ] {
      branch 0:
        region {
          args: [%cs, %os]
          results: [%cs:arg, %os:arg]
        }
      branch 1:
        region {
          args: [%cs, %os]
          n221 = ErrorExit(NumberOutOfRange) [%cs:arg] -> []
          results: [%cs:arg, %os:arg]
        }
    } -> [%cs, %os]
    n223 = ZigzagDecode(wide=false) [v208] -> [v218]
    n224 = WriteToField(offset=68, W4) [v218, %os:n222] -> [%os]
    n225 = BoundsCheck(1) [%cs:n222] -> [%cs]
    n226 = ReadBytes(1) [%cs:n225] -> [v219, %cs]
    n227 = Const(0x7f) [] -> [v220]
    n228 = And [v219, v220] -> [v221]
    n229 = Const(0x80) [] -> [v222]
    n230 = And [v219, v222] -> [v223]
    n231 = Const(0x0) [] -> [v224]
    n232 = CmpNe [v223, v224] -> [v225]
    n256 = gamma [
      pred: v225
      in0: v221
      in1: %cs:n226
      in2: %os:n224
    ] {
      branch 0:
        region {
          args: [arg0, %cs, %os]
          n233 = Const(0x9) [] -> [v226]
          n234 = Const(0x0) [] -> [v227]
          results: [arg0, v226, arg0, v227, %cs:arg, %os:arg]
        }
      branch 1:
        region {
          args: [arg0, %cs, %os]
          n235 = Const(0x7) [] -> [v228]
          n236 = Const(0x9) [] -> [v229]
          n237 = Const(0x1) [] -> [v230]
          n304 = Const(0x7f) [] -> [v232]
          n305 = Const(0x7) [] -> [v236]
          n306 = Const(0x1) [] -> [v238]
          n307 = Const(0x80) [] -> [v240]
          n308 = Const(0x0) [] -> [v242]
          n309 = Const(0x0) [] -> [v244]
          n255 = theta [arg0, v228, v229, arg0, v230, %cs:arg, %os:arg] {
            region {
              args: [arg0, arg1, arg2, arg3, arg4, %cs, %os]
              n238 = BoundsCheck(1) [%cs:arg] -> [%cs]
              n239 = ReadBytes(1) [%cs:n238] -> [v231, %cs]
              n241 = And [v231, v232] -> [v233]
              n242 = Shl [v233, arg1] -> [v234]
              n243 = Or [arg0, v234] -> [v235]
              n245 = Add [arg1, v236] -> [v237]
              n247 = Sub [arg2, v238] -> [v239]
              n249 = And [v231, v240] -> [v241]
              n251 = CmpNe [v241, v242] -> [v243]
              n253 = CmpNe [v239, v244] -> [v245]
              n254 = And [v243, v245] -> [v246]
              results: [v246, v235, v237, v239, v233, v243, %cs:n239, %os:arg]
            }
          } -> [v247, v248, v249, v250, v251, %cs, %os]
          results: [v247, v249, v250, v251, %cs:n255, %os:n255]
        }
    } -> [v252, v253, v254, v255, %cs, %os]
    n257 = Const(0x0) [] -> [v256]
    n258 = CmpNe [v255, v256] -> [v257]
    n260 = gamma [
      pred: v257
      in0: %cs:n256
      in1: %os:n256
    ] {
      branch 0:
        region {
          args: [%cs, %os]
          results: [%cs:arg, %os:arg]
        }
      branch 1:
        region {
          args: [%cs, %os]
          n259 = ErrorExit(InvalidVarint) [%cs:arg] -> []
          results: [%cs:arg, %os:arg]
        }
    } -> [%cs, %os]
    n261 = Const(0x0) [] -> [v258]
    n262 = CmpNe [v253, v258] -> [v259]
    n269 = gamma [
      pred: v259
      in0: v254
      in1: %cs:n260
      in2: %os:n260
    ] {
      branch 0:
        region {
          args: [arg0, %cs, %os]
          n263 = Const(0x7e) [] -> [v260]
          n264 = And [arg0, v260] -> [v261]
          n265 = Const(0x0) [] -> [v262]
          n266 = CmpNe [v261, v262] -> [v263]
          n268 = gamma [
            pred: v263
            in0: %cs:arg
            in1: %os:arg
          ] {
            branch 0:
              region {
                args: [%cs, %os]
                results: [%cs:arg, %os:arg]
              }
            branch 1:
              region {
                args: [%cs, %os]
                n267 = ErrorExit(InvalidVarint) [%cs:arg] -> []
                results: [%cs:arg, %os:arg]
              }
          } -> [%cs, %os]
          results: [%cs:n268, %os:n268]
        }
      branch 1:
        region {
          args: [arg0, %cs, %os]
          results: [%cs:arg, %os:arg]
        }
    } -> [%cs, %os]
    n270 = ZigzagDecode(wide=true) [v252] -> [v264]
    n271 = WriteToField(offset=48, W8) [v264, %os:n269] -> [%os]
    n272 = CallIntrinsic(0x<ptr>, field_offset=16) [%cs:n269, %os:n271] -> [%cs, %os]
    n273 = CallIntrinsic(0x<ptr>, field_offset=56) [%cs:n272, %os:n272] -> [%cs, %os]
    results: [%cs:n273, %os:n273]
  }
}
