---
source: kajit/tests/generated_ir_postreg_corpus.rs
expression: linear
---
func λ0 (u8):
  bounds_check 2
  v2 = const 0
  v0 = read_bytes 1
  v1 = read_bytes 1
  v3 = v0 CmpNe v2
  v4 = v1 CmpNe v2
  v5 = v3 And v4
  br_zero v5 L0
  br L1
L0:
  v6 = const 4
  v8 = copy v6
  br L2
L1:
  v7 = const 9
  v8 = copy v7
L2:
  store [0:W1] v8
end
