---
source: kajit/tests/generated_synthetic.rs
expression: ir_text
---
lambda @0 (shape: "Person") {
  region {
    args: [%cs, %os]
    n2 = CallIntrinsic(0x<ptr>, field_offset=0) [%cs:arg, %os:arg] -> [%cs, %os]
    n3 = Const(0x0) [] -> [v0]
    n4 = CallIntrinsic(0x<ptr>, field_offset=0) [%cs:n2, %os:n2] -> [%cs, %os]
    n5 = PeekByte [%cs:n4] -> [v1, %cs]
    n6 = Const(0x7d) [] -> [v2]
    n7 = CmpNe [v1, v2] -> [v3]
    n70 = gamma [
      pred: v3
      in0: v0
      in1: %cs:n5
      in2: %os:n4
    ] {
      branch 0:
        region {
          args: [arg0, %cs, %os]
          n8 = AdvanceCursor(1) [%cs:arg] -> [%cs]
          results: [arg0, %cs:n8, %os:arg]
        }
      branch 1:
        region {
          args: [arg0, %cs, %os]
          n134 = Const(0x0) [] -> [v8]
          n135 = Const(0x<ptr>) [] -> [v9]
          n136 = Const(0x4) [] -> [v10]
          n137 = Const(0x1) [] -> [v12]
          n138 = CmpNe [v8, v12] -> [v13]
          n139 = Const(0x<ptr>) [] -> [v20]
          n140 = Const(0x3) [] -> [v21]
          n141 = Const(0x1) [] -> [v23]
          n142 = Const(0x<ptr>) [] -> [v31]
          n143 = Const(0x7) [] -> [v32]
          n144 = Const(0x1) [] -> [v34]
          n145 = Const(0x2c) [] -> [v47]
          n69 = theta [arg0, %cs:arg, %os:arg] {
            region {
              args: [arg0, %cs, %os]
              n9 = SlotAddr(0) [] -> [v4]
              n10 = SlotAddr(1) [] -> [v5]
              n11 = CallIntrinsic(0x<ptr>, field_offset=0) [v4, v5, %cs:arg, %os:arg] -> [%cs, %os]
              n12 = ReadFromSlot(0) [%cs:n11] -> [v6, %cs]
              n13 = ReadFromSlot(1) [%cs:n12] -> [v7, %cs]
              n14 = CallIntrinsic(0x<ptr>, field_offset=0) [%cs:n13, %os:n11] -> [%cs, %os]
              n18 = CallPure(0x<ptr>) [v6, v7, v9, v10] -> [v11]
              n21 = And [v11, v13] -> [v14]
              n26 = gamma [
                pred: v14
                in0: arg0
                in1: v8
                in2: %cs:n14
                in3: %os:n14
              ] {
                branch 0:
                  region {
                    args: [arg0, arg1, %cs, %os]
                    results: [arg0, arg1, %cs:arg, %os:arg]
                  }
                branch 1:
                  region {
                    args: [arg0, arg1, %cs, %os]
                    n22 = CallIntrinsic(0x<ptr>, field_offset=0) [%cs:arg, %os:arg] -> [%cs, %os]
                    n23 = Const(0x1) [] -> [v15]
                    n24 = Or [arg0, v15] -> [v16]
                    n25 = Const(0x1) [] -> [v17]
                    results: [v16, v17, %cs:n22, %os:n22]
                  }
              } -> [v18, v19, %cs, %os]
              n29 = CallPure(0x<ptr>) [v6, v7, v20, v21] -> [v22]
              n31 = CmpNe [v19, v23] -> [v24]
              n32 = And [v22, v24] -> [v25]
              n37 = gamma [
                pred: v25
                in0: v18
                in1: v19
                in2: %cs:n26
                in3: %os:n26
              ] {
                branch 0:
                  region {
                    args: [arg0, arg1, %cs, %os]
                    results: [arg0, arg1, %cs:arg, %os:arg]
                  }
                branch 1:
                  region {
                    args: [arg0, arg1, %cs, %os]
                    n33 = CallIntrinsic(0x<ptr>, field_offset=56) [%cs:arg, %os:arg] -> [%cs, %os]
                    n34 = Const(0x2) [] -> [v26]
                    n35 = Or [arg0, v26] -> [v27]
                    n36 = Const(0x1) [] -> [v28]
                    results: [v27, v28, %cs:n33, %os:n33]
                  }
              } -> [v29, v30, %cs, %os]
              n40 = CallPure(0x<ptr>) [v6, v7, v31, v32] -> [v33]
              n42 = CmpNe [v30, v34] -> [v35]
              n43 = And [v33, v35] -> [v36]
              n53 = gamma [
                pred: v36
                in0: v29
                in1: v30
                in2: %cs:n37
                in3: %os:n37
              ] {
                branch 0:
                  region {
                    args: [arg0, arg1, %cs, %os]
                    results: [arg0, arg1, %cs:arg, %os:arg]
                  }
                branch 1:
                  region {
                    args: [arg0, arg1, %cs, %os]
                    n44 = SaveOutPtr [%os:arg] -> [v37, %os]
                    n45 = Const(0x18) [] -> [v38]
                    n46 = Add [v37, v38] -> [v39]
                    n47 = SetOutPtr [v39, %os:n44] -> [%os]
                    n155 = CallIntrinsic(0x<ptr>, field_offset=0) [%cs:arg, %os:n47] -> [%cs, %os]
                    n156 = Const(0x0) [] -> [v63]
                    n157 = CallIntrinsic(0x<ptr>, field_offset=0) [%cs:n155, %os:n155] -> [%cs, %os]
                    n158 = PeekByte [%cs:n157] -> [v64, %cs]
                    n159 = Const(0x7d) [] -> [v65]
                    n160 = CmpNe [v64, v65] -> [v66]
                    n207 = gamma [
                      pred: v66
                      in0: v63
                      in1: %cs:n158
                      in2: %os:n157
                    ] {
                      branch 0:
                        region {
                          args: [arg0, %cs, %os]
                          n161 = AdvanceCursor(1) [%cs:arg] -> [%cs]
                          results: [arg0, %cs:n161, %os:arg]
                        }
                      branch 1:
                        region {
                          args: [arg0, %cs, %os]
                          n162 = Const(0x0) [] -> [v71]
                          n163 = Const(0x<ptr>) [] -> [v72]
                          n164 = Const(0x4) [] -> [v73]
                          n165 = Const(0x1) [] -> [v75]
                          n166 = CmpNe [v71, v75] -> [v76]
                          n167 = Const(0x<ptr>) [] -> [v83]
                          n168 = Const(0x3) [] -> [v84]
                          n169 = Const(0x1) [] -> [v86]
                          n170 = Const(0x2c) [] -> [v96]
                          n206 = theta [arg0, %cs:arg, %os:arg] {
                            region {
                              args: [arg0, %cs, %os]
                              n171 = SlotAddr(2) [] -> [v67]
                              n172 = SlotAddr(3) [] -> [v68]
                              n173 = CallIntrinsic(0x<ptr>, field_offset=0) [v67, v68, %cs:arg, %os:arg] -> [%cs, %os]
                              n174 = ReadFromSlot(2) [%cs:n173] -> [v69, %cs]
                              n175 = ReadFromSlot(3) [%cs:n174] -> [v70, %cs]
                              n176 = CallIntrinsic(0x<ptr>, field_offset=0) [%cs:n175, %os:n173] -> [%cs, %os]
                              n177 = CallPure(0x<ptr>) [v69, v70, v72, v73] -> [v74]
                              n178 = And [v74, v76] -> [v77]
                              n183 = gamma [
                                pred: v77
                                in0: arg0
                                in1: v71
                                in2: %cs:n176
                                in3: %os:n176
                              ] {
                                branch 0:
                                  region {
                                    args: [arg0, arg1, %cs, %os]
                                    results: [arg0, arg1, %cs:arg, %os:arg]
                                  }
                                branch 1:
                                  region {
                                    args: [arg0, arg1, %cs, %os]
                                    n179 = CallIntrinsic(0x<ptr>, field_offset=0) [%cs:arg, %os:arg] -> [%cs, %os]
                                    n180 = Const(0x1) [] -> [v78]
                                    n181 = Or [arg0, v78] -> [v79]
                                    n182 = Const(0x1) [] -> [v80]
                                    results: [v79, v80, %cs:n179, %os:n179]
                                  }
                              } -> [v81, v82, %cs, %os]
                              n184 = CallPure(0x<ptr>) [v69, v70, v83, v84] -> [v85]
                              n185 = CmpNe [v82, v86] -> [v87]
                              n186 = And [v85, v87] -> [v88]
                              n191 = gamma [
                                pred: v88
                                in0: v81
                                in1: v82
                                in2: %cs:n183
                                in3: %os:n183
                              ] {
                                branch 0:
                                  region {
                                    args: [arg0, arg1, %cs, %os]
                                    results: [arg0, arg1, %cs:arg, %os:arg]
                                  }
                                branch 1:
                                  region {
                                    args: [arg0, arg1, %cs, %os]
                                    n187 = CallIntrinsic(0x<ptr>, field_offset=24) [%cs:arg, %os:arg] -> [%cs, %os]
                                    n188 = Const(0x2) [] -> [v89]
                                    n189 = Or [arg0, v89] -> [v90]
                                    n190 = Const(0x1) [] -> [v91]
                                    results: [v90, v91, %cs:n187, %os:n187]
                                  }
                              } -> [v92, v93, %cs, %os]
                              n193 = gamma [
                                pred: v93
                                in0: v92
                                in1: %cs:n191
                                in2: %os:n191
                              ] {
                                branch 0:
                                  region {
                                    args: [arg0, %cs, %os]
                                    n192 = CallIntrinsic(0x<ptr>, field_offset=0) [%cs:arg, %os:arg] -> [%cs, %os]
                                    results: [arg0, %cs:n192, %os:n192]
                                  }
                                branch 1:
                                  region {
                                    args: [arg0, %cs, %os]
                                    results: [arg0, %cs:arg, %os:arg]
                                  }
                              } -> [v94, %cs, %os]
                              n194 = CallIntrinsic(0x<ptr>, field_offset=0) [%cs:n193, %os:n193] -> [%cs, %os]
                              n195 = BoundsCheck(1) [%cs:n194] -> [%cs]
                              n196 = ReadBytes(1) [%cs:n195] -> [v95, %cs]
                              n197 = CmpNe [v95, v96] -> [v97]
                              n205 = gamma [
                                pred: v97
                                in0: v94
                                in1: v95
                                in2: %cs:n196
                                in3: %os:n194
                              ] {
                                branch 0:
                                  region {
                                    args: [arg0, arg1, %cs, %os]
                                    n198 = Const(0x1) [] -> [v98]
                                    results: [v98, arg0, %cs:arg, %os:arg]
                                  }
                                branch 1:
                                  region {
                                    args: [arg0, arg1, %cs, %os]
                                    n199 = Const(0x7d) [] -> [v99]
                                    n200 = CmpNe [arg1, v99] -> [v100]
                                    n204 = gamma [
                                      pred: v100
                                      in0: arg0
                                      in1: %cs:arg
                                      in2: %os:arg
                                    ] {
                                      branch 0:
                                        region {
                                          args: [arg0, %cs, %os]
                                          n201 = Const(0x0) [] -> [v101]
                                          results: [v101, arg0, %cs:arg, %os:arg]
                                        }
                                      branch 1:
                                        region {
                                          args: [arg0, %cs, %os]
                                          n202 = CallIntrinsic(0x<ptr>, field_offset=0) [%cs:arg, %os:arg] -> [%cs, %os]
                                          n203 = Const(0x0) [] -> [v102]
                                          results: [v102, arg0, %cs:n202, %os:n202]
                                        }
                                    } -> [v103, v104, %cs, %os]
                                    results: [v103, v104, %cs:n204, %os:n204]
                                  }
                              } -> [v105, v106, %cs, %os]
                              results: [v105, v106, %cs:n205, %os:n205]
                            }
                          } -> [v107, %cs, %os]
                          results: [v107, %cs:n206, %os:n206]
                        }
                    } -> [v108, %cs, %os]
                    n208 = Const(0x3) [] -> [v109]
                    n209 = And [v108, v109] -> [v110]
                    n210 = CmpNe [v110, v109] -> [v111]
                    n212 = gamma [
                      pred: v111
                      in0: %cs:n207
                      in1: %os:n207
                    ] {
                      branch 0:
                        region {
                          args: [%cs, %os]
                          results: [%cs:arg, %os:arg]
                        }
                      branch 1:
                        region {
                          args: [%cs, %os]
                          n211 = ErrorExit(MissingRequiredField) [%cs:arg] -> []
                          results: [%cs:arg, %os:arg]
                        }
                    } -> [%cs, %os]
                    n49 = SetOutPtr [v37, %os:n212] -> [%os]
                    n50 = Const(0x4) [] -> [v40]
                    n51 = Or [arg0, v40] -> [v41]
                    n52 = Const(0x1) [] -> [v42]
                    results: [v41, v42, %cs:n212, %os:n49]
                  }
              } -> [v43, v44, %cs, %os]
              n55 = gamma [
                pred: v44
                in0: v43
                in1: %cs:n53
                in2: %os:n53
              ] {
                branch 0:
                  region {
                    args: [arg0, %cs, %os]
                    n54 = CallIntrinsic(0x<ptr>, field_offset=0) [%cs:arg, %os:arg] -> [%cs, %os]
                    results: [arg0, %cs:n54, %os:n54]
                  }
                branch 1:
                  region {
                    args: [arg0, %cs, %os]
                    results: [arg0, %cs:arg, %os:arg]
                  }
              } -> [v45, %cs, %os]
              n56 = CallIntrinsic(0x<ptr>, field_offset=0) [%cs:n55, %os:n55] -> [%cs, %os]
              n57 = BoundsCheck(1) [%cs:n56] -> [%cs]
              n58 = ReadBytes(1) [%cs:n57] -> [v46, %cs]
              n60 = CmpNe [v46, v47] -> [v48]
              n68 = gamma [
                pred: v48
                in0: v45
                in1: v46
                in2: %cs:n58
                in3: %os:n56
              ] {
                branch 0:
                  region {
                    args: [arg0, arg1, %cs, %os]
                    n61 = Const(0x1) [] -> [v49]
                    results: [v49, arg0, %cs:arg, %os:arg]
                  }
                branch 1:
                  region {
                    args: [arg0, arg1, %cs, %os]
                    n62 = Const(0x7d) [] -> [v50]
                    n63 = CmpNe [arg1, v50] -> [v51]
                    n67 = gamma [
                      pred: v51
                      in0: arg0
                      in1: %cs:arg
                      in2: %os:arg
                    ] {
                      branch 0:
                        region {
                          args: [arg0, %cs, %os]
                          n64 = Const(0x0) [] -> [v52]
                          results: [v52, arg0, %cs:arg, %os:arg]
                        }
                      branch 1:
                        region {
                          args: [arg0, %cs, %os]
                          n65 = CallIntrinsic(0x<ptr>, field_offset=0) [%cs:arg, %os:arg] -> [%cs, %os]
                          n66 = Const(0x0) [] -> [v53]
                          results: [v53, arg0, %cs:n65, %os:n65]
                        }
                    } -> [v54, v55, %cs, %os]
                    results: [v54, v55, %cs:n67, %os:n67]
                  }
              } -> [v56, v57, %cs, %os]
              results: [v56, v57, %cs:n68, %os:n68]
            }
          } -> [v58, %cs, %os]
          results: [v58, %cs:n69, %os:n69]
        }
    } -> [v59, %cs, %os]
    n71 = Const(0x7) [] -> [v60]
    n72 = And [v59, v60] -> [v61]
    n73 = CmpNe [v61, v60] -> [v62]
    n75 = gamma [
      pred: v62
      in0: %cs:n70
      in1: %os:n70
    ] {
      branch 0:
        region {
          args: [%cs, %os]
          results: [%cs:arg, %os:arg]
        }
      branch 1:
        region {
          args: [%cs, %os]
          n74 = ErrorExit(MissingRequiredField) [%cs:arg] -> []
          results: [%cs:arg, %os:arg]
        }
    } -> [%cs, %os]
    results: [%cs:n75, %os:n75]
  }
}
