---
source: kajit/src/compiler/tests/hir_to_ir.rs
assertion_line: 193
expression: "format!(\"{}\",\nir.display_with_registry(&crate::ir::IntrinsicRegistry::empty()))"
---
state_domains {
  d0 = cursor
  d1 = output
  d2 = memory
}
scopes {
  s0 = lambda_body(@0)
}
lambda @0 @s0 (shape: "temp_after_cursor_sync", output_size: 4) {
  region @s0 {
    args: [arg0, arg1, arg2, %cs, %os, %s2]
    n1 = WriteToSlot(0) [arg0, %cs:arg] -> [%cs]
    n2 = WriteToSlot(1) [arg1, %cs:n1] -> [%cs]
    n3 = WriteToSlot(2) [arg2, %cs:n2] -> [%cs]
    n4 = SaveCursor [%cs:n3] -> [v0, %cs]
    n5 = WriteToSlot(0) [v0, %cs:n4] -> [%cs]
    n6 = SaveInputEnd [%cs:n5] -> [v1, %cs]
    n7 = ReadFromSlot(0) [%cs:n6] -> [v2, %cs]
    n8 = Sub [v1, v2] -> [v3]
    n9 = WriteToSlot(1) [v3, %cs:n7] -> [%cs]
    n10 = Const(0x0) [] -> [v4]
    n11 = WriteToSlot(2) [v4, %cs:n9] -> [%cs]
    n12 = ReadFromSlot(0) [%cs:n11] -> [v5, %cs]
    n13 = LoadFromAddr(W1) [v5, %s2:arg] -> [v6, %s2]
    n14 = WriteToSlot(3) [v6, %cs:n12] -> [%cs]
    n15 = Const(0x1) [] -> [v7]
    n16 = WriteToSlot(2) [v7, %cs:n14] -> [%cs]
    n17 = ReadFromSlot(0) [%cs:n16] -> [v8, %cs]
    n18 = ReadFromSlot(2) [%cs:n17] -> [v9, %cs]
    n19 = Add [v8, v9] -> [v10]
    n20 = RestoreCursor [v10, %cs:n18] -> [%cs]
    n21 = ReadFromSlot(3) [%cs:n20] -> [v11, %cs]
    n22 = WriteToField(offset=0, W4) [v11, %os:arg] -> [%os]
    results: [%cs:n21, %os:n22, %s2:n13]
  }
}
