---
source: kajit/src/compiler/tests/hir_to_ir.rs
assertion_line: 193
expression: "format!(\"{}\",\nir.display_with_registry(&crate::ir::IntrinsicRegistry::empty()))"
---
state_domains {
  d0 = cursor
  d1 = output
  d2 = memory
}
scopes {
  s0 = lambda_body(@0)
}
lambda @0 @s0 (shape: "temp_after_cursor_sync", output_size: 4) {
  region @s0 {
    args: [%cs, %os, %s2]
    n1 = SaveCursor [%cs:arg] -> [v0, %cs]
    n2 = WriteToSlot(0) [v0, %cs:n1] -> [%cs]
    n3 = SaveInputEnd [%cs:n2] -> [v1, %cs]
    n4 = ReadFromSlot(0) [%cs:n3] -> [v2, %cs]
    n5 = Sub [v1, v2] -> [v3]
    n6 = WriteToSlot(1) [v3, %cs:n4] -> [%cs]
    n7 = Const(0x0) [] -> [v4]
    n8 = WriteToSlot(2) [v4, %cs:n6] -> [%cs]
    n9 = ReadFromSlot(0) [%cs:n8] -> [v5, %cs]
    n10 = LoadFromAddr(W1) [v5, %s2:arg] -> [v6, %s2]
    n11 = WriteToSlot(3) [v6, %cs:n9] -> [%cs]
    n12 = Const(0x1) [] -> [v7]
    n13 = WriteToSlot(2) [v7, %cs:n11] -> [%cs]
    n14 = ReadFromSlot(0) [%cs:n13] -> [v8, %cs]
    n15 = ReadFromSlot(2) [%cs:n14] -> [v9, %cs]
    n16 = Add [v8, v9] -> [v10]
    n17 = RestoreCursor [v10, %cs:n15] -> [%cs]
    n18 = ReadFromSlot(3) [%cs:n17] -> [v11, %cs]
    n19 = WriteToField(offset=0, W4) [v11, %os:arg] -> [%os]
    results: [%cs:n18, %os:n19, %s2:n10]
  }
}
