---
source: kajit/src/compiler/tests/hir_to_ir.rs
expression: "format!(\"{}\",\nir.display_with_registry(&crate::ir::IntrinsicRegistry::empty()))"
---
scopes {
  s0 = lambda_body(@0)
  s1 = theta_body parent s0
  s2 = gamma_branch(0) parent s1
  s3 = gamma_branch(1) parent s1
  s4 = gamma_branch(0) parent s3
  s5 = gamma_branch(1) parent s3
  s6 = gamma_branch(0) parent s5
  s7 = gamma_branch(1) parent s5
  s8 = gamma_branch(0) parent s1
  s9 = gamma_branch(1) parent s1
  s10 = gamma_branch(0) parent s1
  s11 = gamma_branch(1) parent s1
  s12 = gamma_branch(0) parent s11
  s13 = gamma_branch(1) parent s11
  s14 = gamma_branch(0) parent s13
  s15 = gamma_branch(1) parent s13
  s16 = gamma_branch(0) parent s1
  s17 = gamma_branch(1) parent s1
}
lambda @0 @s0 (shape: "loop_break_continue") {
  region @s0 {
    args: [arg0, arg1, %ms]
    n1 = Const(0x0) [] -> [v0]
    n2 = Const(0x0) [] -> [v1]
    n37 = theta [v0, v1, %ms:arg] {
      region @s1 {
        args: [arg0, arg1, %ms]
        n3 = Const(0x1) [] -> [v2]
        n4 = WriteToSlot(0) [v2, %ms:arg] -> [%ms]
        n5 = WriteToSlot(1) [v2, %ms:n4] -> [%ms]
        n6 = ReadFromSlot(0) [%ms:n5] -> [v3, %ms]
        n15 = gamma [
          pred: v3
          in0: arg0
          in1: %ms:n6
        ] {
          branch 0:
            region @s2 {
              args: [arg0, %ms]
              results: [arg0, %ms:arg]
            }
          branch 1:
            region @s3 {
              args: [arg0, %ms]
              n7 = Const(0x5) [] -> [v4]
              n8 = CmpEq [arg0, v4] -> [v5]
              n14 = gamma [
                pred: v5
                in0: %ms:arg
              ] {
                branch 0:
                  region @s4 {
                    args: [%ms]
                    results: [%ms:arg]
                  }
                branch 1:
                  region @s5 {
                    args: [%ms]
                    n9 = ReadFromSlot(0) [%ms:arg] -> [v6, %ms]
                    n13 = gamma [
                      pred: v6
                      in0: %ms:n9
                    ] {
                      branch 0:
                        region @s6 {
                          args: [%ms]
                          results: [%ms:arg]
                        }
                      branch 1:
                        region @s7 {
                          args: [%ms]
                          n10 = Const(0x0) [] -> [v7]
                          n11 = WriteToSlot(0) [v7, %ms:arg] -> [%ms]
                          n12 = WriteToSlot(1) [v7, %ms:n11] -> [%ms]
                          results: [%ms:n12]
                        }
                    } -> [%ms]
                    results: [%ms:n13]
                  }
              } -> [%ms]
              results: [arg0, %ms:n14]
            }
        } -> [v8, %ms]
        n16 = ReadFromSlot(0) [%ms:n15] -> [v9, %ms]
        n19 = gamma [
          pred: v9
          in0: v8
          in1: %ms:n16
        ] {
          branch 0:
            region @s8 {
              args: [arg0, %ms]
              results: [arg0, %ms:arg]
            }
          branch 1:
            region @s9 {
              args: [arg0, %ms]
              n17 = Const(0x1) [] -> [v10]
              n18 = Add [arg0, v10] -> [v11]
              results: [v11, %ms:arg]
            }
        } -> [v12, %ms]
        n20 = ReadFromSlot(0) [%ms:n19] -> [v13, %ms]
        n32 = gamma [
          pred: v13
          in0: v12
          in1: %ms:n20
        ] {
          branch 0:
            region @s10 {
              args: [arg0, %ms]
              results: [arg0, %ms:arg]
            }
          branch 1:
            region @s11 {
              args: [arg0, %ms]
              n21 = Const(0x1) [] -> [v14]
              n22 = And [arg0, v14] -> [v15]
              n23 = Const(0x0) [] -> [v16]
              n24 = CmpEq [v15, v16] -> [v17]
              n31 = gamma [
                pred: v17
                in0: %ms:arg
              ] {
                branch 0:
                  region @s12 {
                    args: [%ms]
                    results: [%ms:arg]
                  }
                branch 1:
                  region @s13 {
                    args: [%ms]
                    n25 = ReadFromSlot(0) [%ms:arg] -> [v18, %ms]
                    n30 = gamma [
                      pred: v18
                      in0: %ms:n25
                    ] {
                      branch 0:
                        region @s14 {
                          args: [%ms]
                          results: [%ms:arg]
                        }
                      branch 1:
                        region @s15 {
                          args: [%ms]
                          n26 = Const(0x0) [] -> [v19]
                          n27 = Const(0x1) [] -> [v20]
                          n28 = WriteToSlot(0) [v19, %ms:arg] -> [%ms]
                          n29 = WriteToSlot(1) [v20, %ms:n28] -> [%ms]
                          results: [%ms:n29]
                        }
                    } -> [%ms]
                    results: [%ms:n30]
                  }
              } -> [%ms]
              results: [arg0, %ms:n31]
            }
        } -> [v21, %ms]
        n33 = ReadFromSlot(0) [%ms:n32] -> [v22, %ms]
        n35 = gamma [
          pred: v22
          in0: v21
          in1: arg1
          in2: %ms:n33
        ] {
          branch 0:
            region @s16 {
              args: [arg0, arg1, %ms]
              results: [arg0, arg1, %ms:arg]
            }
          branch 1:
            region @s17 {
              args: [arg0, arg1, %ms]
              n34 = Add [arg1, arg0] -> [v23]
              results: [arg0, v23, %ms:arg]
            }
        } -> [v24, v25, %ms]
        n36 = ReadFromSlot(1) [%ms:n35] -> [v26, %ms]
        results: [v26, v24, v25, %ms:n36]
      }
    } -> [v27, v28, %ms]
    results: [%ms:n37]
  }
}
