---
source: kajit/src/compiler/tests/hir_to_ir.rs
expression: "format!(\"{}\",\nir.display_with_registry(&crate::ir::IntrinsicRegistry::empty()))"
---
state_domains {
  d0 = output
  d1 = memory
}
scopes {
  s0 = lambda_body(@0)
}
lambda @0 @s0 (shape: "scratch_summary", output_size: 8) {
  region @s0 {
    args: [arg0, %os, %ms]
    n1 = WriteToSlot(0) [arg0, %ms:arg] -> [%ms]
    n2 = Const(0xf) [] -> [v0]
    n3 = WriteToSlot(1) [v0, %ms:n1] -> [%ms]
    n4 = ReadFromSlot(1) [%ms:n3] -> [v1, %ms]
    n5 = Const(0x3) [] -> [v2]
    n6 = And [v1, v2] -> [v3]
    n7 = WriteToSlot(2) [v3, %ms:n4] -> [%ms]
    n8 = ReadFromSlot(1) [%ms:n7] -> [v4, %ms]
    n9 = WriteToField(offset=0, W4) [v4, %os:arg] -> [%os]
    n10 = ReadFromSlot(2) [%ms:n8] -> [v5, %ms]
    n11 = WriteToField(offset=4, W4) [v5, %os:n9] -> [%os]
    results: [%os:n11, %ms:n10]
  }
}
