state_domains {
  d0 = cursor
  d1 = output
  d2 = memory
}
scopes {
  s0 = lambda_body(@0)
  s1 = theta_body parent s0
  s2 = gamma_branch(0) parent s1
  s3 = gamma_branch(1) parent s1
  s4 = gamma_branch(0) parent s3
  s5 = gamma_branch(1) parent s3
  s6 = gamma_branch(0) parent s5
  s7 = gamma_branch(1) parent s5
  s8 = gamma_branch(0) parent s1
  s9 = gamma_branch(1) parent s1
  s10 = gamma_branch(0) parent s1
  s11 = gamma_branch(1) parent s1
  s12 = gamma_branch(0) parent s11
  s13 = gamma_branch(1) parent s11
  s14 = gamma_branch(0) parent s13
  s15 = gamma_branch(1) parent s13
  s16 = gamma_branch(0) parent s1
  s17 = gamma_branch(1) parent s1
  s18 = gamma_branch(0) parent s17
  s19 = gamma_branch(1) parent s17
  s20 = gamma_branch(0) parent s19
  s21 = gamma_branch(1) parent s19
  s22 = gamma_branch(0) parent s0
  s23 = gamma_branch(1) parent s0
}
lambda @0 @s0 (shape: "u32") {
  region @s0 {
    args: [%cs, %os, %s2]
    n1 = SaveCursor [%cs:arg] -> [v0, %cs]
    n3 = Const(0x0) [] -> [v2]
    n4 = Const(0x0) [] -> [v3]
    n8 = Const(0x0) [] -> [v4]
    n10 = Const(0x0) [] -> [v5]
    n12 = Const(0x0) [] -> [v6]
    n54 = Const(0x20) [] -> [v52]
    n55 = Const(0x0) [] -> [v53]
    n56 = Const(0x0) [] -> [v54]
    n57 = Const(0x0) [] -> [v55]
    n60 @s1 = Const(0x1) [] -> [?]
    n67 @s9 = Const(0x0) [] -> [?]
    n71 @s9 = Const(0x1) [] -> [?]
    n72 @s9 = Const(0x0) [] -> [?]
    n75 @s9 = Const(0x0) [] -> [?]
    n79 @s9 = Const(0x7f) [] -> [?]
    n80 @s9 = Const(0x0) [] -> [?]
    n82 @s9 = Const(0x7) [] -> [?]
    n83 @s9 = Const(0x0) [] -> [?]
    n84 @s9 = Const(0x0) [] -> [?]
    n85 @s9 = Const(0x0) [] -> [?]
    n88 @s9 = Const(0x1) [] -> [?]
    n89 @s9 = Const(0x0) [] -> [?]
    n94 @s1 = Const(0x0) [] -> [?]
    n95 @s1 = Const(0x1) [] -> [?]
    n96 @s1 = Const(0x0) [] -> [?]
    n97 @s1 = Const(0x0) [] -> [?]
    n2 = SaveInputEnd [%cs:n1] -> [v1, %cs]
    n68 @s9 = LoadFromAddr(W1) [n67.0, %s2:arg] -> [?, %s2]
    n5 = WriteToSlot(0) [v0, %cs:n2] -> [%cs]
    n6 = WriteToSlot(1) [v2, %cs:n5] -> [%cs]
    n7 = WriteToSlot(2) [v3, %cs:n6] -> [%cs]
    n9 = WriteToSlot(3) [v4, %cs:n7] -> [%cs]
    n11 = WriteToSlot(4) [v5, %cs:n9] -> [%cs]
    n13 = WriteToSlot(5) [v6, %cs:n11] -> [%cs]
    n61 @s1 = WriteToSlot(6) [n60.0, %cs:n13] -> [%cs]
    n62 @s1 = WriteToSlot(7) [n60.0, %cs:n61] -> [%cs]
    n63 @s1 = ReadFromSlot(6) [%cs:n62] -> [?, %cs]
    n64 @s1 = ReadFromSlot(6) [%cs:n63] -> [?, %cs]
    n65 @s9 = ReadFromSlot(0) [%cs:n64] -> [?, %cs]
    n66 @s9 = ReadFromSlot(2) [%cs:n65] -> [?, %cs]
    n69 @s9 = WriteToSlot(5) [n68.0, %cs:n66] -> [%cs]
    n70 @s9 = ReadFromSlot(2) [%cs:n69] -> [?, %cs]
    n73 @s9 = WriteToSlot(2) [n72.0, %cs:n70] -> [%cs]
    n74 @s9 = ReadFromSlot(0) [%cs:n73] -> [?, %cs]
    n76 @s9 = RestoreCursor [n75.0, %cs:n74] -> [%cs]
    n77 @s9 = ReadFromSlot(3) [%cs:n76] -> [?, %cs]
    n78 @s9 = ReadFromSlot(5) [%cs:n77] -> [?, %cs]
    n81 @s9 = ReadFromSlot(4) [%cs:n78] -> [?, %cs]
    n86 @s9 = WriteToSlot(3) [n85.0, %cs:n81] -> [%cs]
    n87 @s9 = ReadFromSlot(4) [%cs:n86] -> [?, %cs]
    n90 @s9 = WriteToSlot(4) [n89.0, %cs:n87] -> [%cs]
    n91 @s1 = ReadFromSlot(6) [%cs:n90] -> [?, %cs]
    n92 @s1 = ReadFromSlot(6) [%cs:n91] -> [?, %cs]
    n93 @s1 = ReadFromSlot(7) [%cs:n92] -> [?, %cs]
    n53 = ReadFromSlot(3) [%cs:n93] -> [v51, %cs]
    n58 = ReadFromSlot(3) [%cs:n53] -> [v56, %cs]
    n59 = WriteToField(offset=0, W4) [v56, %os:arg] -> [%os]
    results: [%cs:n58, %os:n59, %s2:n68]
  }
}
