---
source: kajit/src/ir_backend.rs
expression: out
---
> push rbp
  sub rsp, 0x40
  mov qword [rsp], rbp
  mov qword [rsp + 0x8], rbx
  mov qword [rsp + 0x10], r12
  mov qword [rsp + 0x18], r13
  mov qword [rsp + 0x20], r14
  mov qword [rsp + 0x28], r15
  mov r14, rdi
  mov r15, rsi
  mov r12, qword [r15]
  mov r13, qword [r15 + 0x8]
  mov r10, r13
  sub r10, r12
  cmp r10, 0x4
  jb $+0x5
  jmp $+0x10
  mov dword [r15 + 0x10], 0x1
  jmp $+0x6d
  mov r10, r13
  sub r10, r12
  cmp r10, 0x4
  jb $+0x5
  jmp $+0x10
  mov dword [r15 + 0x10], 0x1
  jmp $+0x45
  mov r10d, dword [r12]
  mov rbx, r10
  add r12, 0x4
  mov r10, rbx
  mov dword [r14], r10d
  mov qword [r15], r12
  mov r15, qword [rsp + 0x28]
  mov r14, qword [rsp + 0x20]
  mov r13, qword [rsp + 0x18]
  mov r12, qword [rsp + 0x10]
  mov rbx, qword [rsp + 0x8]
  mov rbp, qword [rsp]
  add rsp, 0x40
  pop rbp
  ret
  mov r15, qword [rsp + 0x28]
  mov r14, qword [rsp + 0x20]
  mov r13, qword [rsp + 0x18]
  mov r12, qword [rsp + 0x10]
  mov rbx, qword [rsp + 0x8]
  mov rbp, qword [rsp]
  add rsp, 0x40
  pop rbp
  ret
